{"binding":"Unbound","phase":"view","session":"koios-2026-10-07T20:41:49.208Z-0","ts":"2026-10-07T20:41:49.208Z"}
{"duration_ms":0.235,"outcome":"ok","phase":"query","query":"network-time","session":"koios-2026-10-07T20:41:49.208Z-0","ts":"2026-10-07T20:41:49.209Z"}
{"duration_ms":395.635,"outcome":"ok","phase":"query","query":"cli_protocol_params","session":"koios-2026-10-07T20:41:49.208Z-0","ts":"2026-10-07T20:41:49.604Z"}
{"answer_size":1,"duration_ms":646.151,"outcome":"ok","phase":"query","query":"protocolMajorGuard","ts":"2026-10-07T20:41:49.855Z"}
{"phase":"view-release","session":"koios-2026-10-07T20:41:49.208Z-0","ts":"2026-10-07T20:41:49.855Z"}
{"binding":"Unbound","phase":"view","session":"koios-2026-10-07T20:41:49.208Z-1","ts":"2026-10-07T20:41:49.855Z"}
{"duration_ms":0.204,"outcome":"ok","phase":"query","query":"network-time","session":"koios-2026-10-07T20:41:49.208Z-1","ts":"2026-10-07T20:41:49.855Z"}
{"duration_ms":329.879,"outcome":"ok","phase":"query","query":"tip","session":"koios-2026-10-07T20:41:49.208Z-1","ts":"2026-10-07T20:41:50.185Z"}
{"duration_ms":55.577,"outcome":"ok","phase":"query","query":"tip","session":"koios-2026-10-07T20:41:49.208Z-1","ts":"2026-10-07T20:41:50.241Z"}
{"duration_ms":474.837,"outcome":"ok","phase":"query","query":"address_utxos","session":"koios-2026-10-07T20:41:49.208Z-1","ts":"2026-10-07T20:41:50.718Z"}
{"duration_ms":366.577,"outcome":"ok","phase":"query","query":"address_utxos","session":"koios-2026-10-07T20:41:49.208Z-1","ts":"2026-10-07T20:41:51.090Z"}
{"duration_ms":256.791,"outcome":"ok","phase":"query","query":"address_utxos","session":"koios-2026-10-07T20:41:49.208Z-1","ts":"2026-10-07T20:41:51.350Z"}
{"duration_ms":72.841,"outcome":"ok","phase":"query","query":"tip","session":"koios-2026-10-07T20:41:49.208Z-1","ts":"2026-10-07T20:41:51.423Z"}
{"duration_ms":643.756,"outcome":"ok","phase":"query","query":"address_utxos","session":"koios-2026-10-07T20:41:49.208Z-1","ts":"2026-10-07T20:41:52.069Z"}
{"duration_ms":127.786,"outcome":"ok","phase":"query","query":"address_utxos","session":"koios-2026-10-07T20:41:49.208Z-1","ts":"2026-10-07T20:41:52.204Z"}
{"duration_ms":644.665,"outcome":"ok","phase":"query","query":"address_utxos","session":"koios-2026-10-07T20:41:49.208Z-1","ts":"2026-10-07T20:41:52.857Z"}
{"duration_ms":94.61,"outcome":"ok","phase":"query","query":"address_utxos","session":"koios-2026-10-07T20:41:49.208Z-1","ts":"2026-10-07T20:41:52.959Z"}
{"duration_ms":460.394,"outcome":"ok","phase":"query","query":"address_utxos","session":"koios-2026-10-07T20:41:49.208Z-1","ts":"2026-10-07T20:41:53.428Z"}
{"duration_ms":127.19,"outcome":"ok","phase":"query","query":"address_utxos","session":"koios-2026-10-07T20:41:49.208Z-1","ts":"2026-10-07T20:41:53.560Z"}
{"duration_ms":66.998,"outcome":"ok","phase":"query","query":"address_utxos","session":"koios-2026-10-07T20:41:49.208Z-1","ts":"2026-10-07T20:41:53.630Z"}
{"duration_ms":262.775,"outcome":"ok","phase":"query","query":"asset_txs","session":"koios-2026-10-07T20:41:49.208Z-1","ts":"2026-10-07T20:41:53.894Z"}
{"duration_ms":203.621,"outcome":"ok","phase":"query","query":"tx_info","session":"koios-2026-10-07T20:41:49.208Z-1","ts":"2026-10-07T20:41:54.098Z"}
{"duration_ms":3059.135,"outcome":"ok","phase":"query","query":"tx_cbor","session":"koios-2026-10-07T20:41:49.208Z-1","ts":"2026-10-07T20:41:57.158Z"}
{"duration_ms":602.801,"outcome":"ok","phase":"query","query":"tx_info","session":"koios-2026-10-07T20:41:49.208Z-1","ts":"2026-10-07T20:41:57.761Z"}
{"duration_ms":114.516,"outcome":"ok","phase":"query","query":"tx_info","session":"koios-2026-10-07T20:41:49.208Z-1","ts":"2026-10-07T20:41:57.879Z"}
{"duration_ms":343.91,"outcome":"ok","phase":"query","query":"tx_cbor","session":"koios-2026-10-07T20:41:49.208Z-1","ts":"2026-10-07T20:41:58.224Z"}
{"duration_ms":56.946,"outcome":"ok","phase":"query","query":"tx_cbor","session":"koios-2026-10-07T20:41:49.208Z-1","ts":"2026-10-07T20:41:58.281Z"}
{"phase":"view-release","session":"koios-2026-10-07T20:41:49.208Z-1","ts":"2026-10-07T20:41:58.283Z"}
