{"binding":"Unbound","phase":"view","session":"koios-2026-10-07T20:42:05.881Z-0","ts":"2026-10-07T20:42:05.882Z"}
{"duration_ms":0.178,"outcome":"ok","phase":"query","query":"network-time","session":"koios-2026-10-07T20:42:05.881Z-0","ts":"2026-10-07T20:42:05.882Z"}
{"duration_ms":600.726,"outcome":"ok","phase":"query","query":"cli_protocol_params","session":"koios-2026-10-07T20:42:05.881Z-0","ts":"2026-10-07T20:42:06.483Z"}
{"answer_size":1,"duration_ms":856.575,"outcome":"ok","phase":"query","query":"protocolMajorGuard","ts":"2026-10-07T20:42:06.739Z"}
{"phase":"view-release","session":"koios-2026-10-07T20:42:05.881Z-0","ts":"2026-10-07T20:42:06.739Z"}
{"binding":"Unbound","phase":"view","session":"koios-2026-10-07T20:42:05.881Z-1","ts":"2026-10-07T20:42:06.739Z"}
{"duration_ms":0.191,"outcome":"ok","phase":"query","query":"network-time","session":"koios-2026-10-07T20:42:05.881Z-1","ts":"2026-10-07T20:42:06.739Z"}
{"duration_ms":56.03,"outcome":"ok","phase":"query","query":"cli_protocol_params","session":"koios-2026-10-07T20:42:05.881Z-1","ts":"2026-10-07T20:42:06.795Z"}
{"answer_size":1,"duration_ms":274.777,"outcome":"ok","phase":"query","query":"protocolMajorGuard","ts":"2026-10-07T20:42:07.014Z"}
{"duration_ms":241.209,"outcome":"ok","phase":"query","query":"tip","session":"koios-2026-10-07T20:42:05.881Z-1","ts":"2026-10-07T20:42:07.256Z"}
{"duration_ms":153.743,"outcome":"ok","phase":"query","query":"address_utxos","session":"koios-2026-10-07T20:42:05.881Z-1","ts":"2026-10-07T20:42:07.410Z"}
{"duration_ms":636.567,"outcome":"ok","phase":"query","query":"address_utxos","session":"koios-2026-10-07T20:42:05.881Z-1","ts":"2026-10-07T20:42:08.051Z"}
{"duration_ms":483.669,"outcome":"ok","phase":"query","query":"address_utxos","session":"koios-2026-10-07T20:42:05.881Z-1","ts":"2026-10-07T20:42:08.539Z"}
{"duration_ms":642.164,"outcome":"ok","phase":"query","query":"address_utxos","session":"koios-2026-10-07T20:42:05.881Z-1","ts":"2026-10-07T20:42:09.189Z"}
{"duration_ms":94.274,"outcome":"ok","phase":"query","query":"address_utxos","session":"koios-2026-10-07T20:42:05.881Z-1","ts":"2026-10-07T20:42:09.291Z"}
{"duration_ms":472.26,"outcome":"ok","phase":"query","query":"address_utxos","session":"koios-2026-10-07T20:42:05.881Z-1","ts":"2026-10-07T20:42:09.771Z"}
{"duration_ms":76.938,"outcome":"ok","phase":"query","query":"address_utxos","session":"koios-2026-10-07T20:42:05.881Z-1","ts":"2026-10-07T20:42:09.856Z"}
{"duration_ms":971.528,"outcome":"ok","phase":"query","query":"asset_txs","session":"koios-2026-10-07T20:42:05.881Z-1","ts":"2026-10-07T20:42:10.828Z"}
{"duration_ms":440.495,"outcome":"ok","phase":"query","query":"tx_info","session":"koios-2026-10-07T20:42:05.881Z-1","ts":"2026-10-07T20:42:11.269Z"}
{"duration_ms":328.016,"outcome":"ok","phase":"query","query":"tx_cbor","session":"koios-2026-10-07T20:42:05.881Z-1","ts":"2026-10-07T20:42:11.599Z"}
{"duration_ms":440.348,"outcome":"ok","phase":"query","query":"tx_info","session":"koios-2026-10-07T20:42:05.881Z-1","ts":"2026-10-07T20:42:12.040Z"}
{"duration_ms":143.984,"outcome":"ok","phase":"query","query":"tx_info","session":"koios-2026-10-07T20:42:05.881Z-1","ts":"2026-10-07T20:42:12.186Z"}
{"duration_ms":330.107,"outcome":"ok","phase":"query","query":"tx_cbor","session":"koios-2026-10-07T20:42:05.881Z-1","ts":"2026-10-07T20:42:12.517Z"}
{"duration_ms":56.359,"outcome":"ok","phase":"query","query":"tx_cbor","session":"koios-2026-10-07T20:42:05.881Z-1","ts":"2026-10-07T20:42:12.574Z"}
{"phase":"view-release","session":"koios-2026-10-07T20:42:05.881Z-1","ts":"2026-10-07T20:42:12.575Z"}
