{"binding":"Unbound","phase":"view","session":"koios-2026-10-07T20:42:24.621Z-0","ts":"2026-10-07T20:42:24.622Z"}
{"duration_ms":0.19,"outcome":"ok","phase":"query","query":"network-time","session":"koios-2026-10-07T20:42:24.621Z-0","ts":"2026-10-07T20:42:24.622Z"}
{"duration_ms":354.259,"outcome":"ok","phase":"query","query":"cli_protocol_params","session":"koios-2026-10-07T20:42:24.621Z-0","ts":"2026-10-07T20:42:24.976Z"}
{"answer_size":1,"duration_ms":588.409,"outcome":"ok","phase":"query","query":"protocolMajorGuard","ts":"2026-10-07T20:42:25.211Z"}
{"phase":"view-release","session":"koios-2026-10-07T20:42:24.621Z-0","ts":"2026-10-07T20:42:25.211Z"}
{"binding":"Unbound","phase":"view","session":"koios-2026-10-07T20:42:24.621Z-1","ts":"2026-10-07T20:42:25.211Z"}
{"duration_ms":0.25,"outcome":"ok","phase":"query","query":"network-time","session":"koios-2026-10-07T20:42:24.621Z-1","ts":"2026-10-07T20:42:25.211Z"}
{"duration_ms":239.401,"outcome":"ok","phase":"query","query":"cli_protocol_params","session":"koios-2026-10-07T20:42:24.621Z-1","ts":"2026-10-07T20:42:25.451Z"}
{"answer_size":1,"duration_ms":455.955,"outcome":"ok","phase":"query","query":"protocolMajorGuard","ts":"2026-10-07T20:42:25.667Z"}
{"duration_ms":70.163,"outcome":"ok","phase":"query","query":"tip","session":"koios-2026-10-07T20:42:24.621Z-1","ts":"2026-10-07T20:42:25.737Z"}
{"duration_ms":648.006,"outcome":"ok","phase":"query","query":"address_utxos","session":"koios-2026-10-07T20:42:24.621Z-1","ts":"2026-10-07T20:42:26.386Z"}
{"duration_ms":89.846,"outcome":"ok","phase":"query","query":"address_utxos","session":"koios-2026-10-07T20:42:24.621Z-1","ts":"2026-10-07T20:42:26.483Z"}
{"duration_ms":463.305,"outcome":"ok","phase":"query","query":"address_utxos","session":"koios-2026-10-07T20:42:24.621Z-1","ts":"2026-10-07T20:42:26.954Z"}
{"duration_ms":125.526,"outcome":"ok","phase":"query","query":"address_utxos","session":"koios-2026-10-07T20:42:24.621Z-1","ts":"2026-10-07T20:42:27.087Z"}
{"duration_ms":641.159,"outcome":"ok","phase":"query","query":"address_utxos","session":"koios-2026-10-07T20:42:24.621Z-1","ts":"2026-10-07T20:42:27.732Z"}
{"duration_ms":463.43,"outcome":"ok","phase":"query","query":"address_utxos","session":"koios-2026-10-07T20:42:24.621Z-1","ts":"2026-10-07T20:42:28.200Z"}
{"duration_ms":79.072,"outcome":"ok","phase":"query","query":"address_utxos","session":"koios-2026-10-07T20:42:24.621Z-1","ts":"2026-10-07T20:42:28.287Z"}
{"duration_ms":530.323,"outcome":"ok","phase":"query","query":"asset_txs","session":"koios-2026-10-07T20:42:24.621Z-1","ts":"2026-10-07T20:42:28.819Z"}
{"duration_ms":387.496,"outcome":"ok","phase":"query","query":"tx_info","session":"koios-2026-10-07T20:42:24.621Z-1","ts":"2026-10-07T20:42:29.206Z"}
{"duration_ms":74.857,"outcome":"ok","phase":"query","query":"tx_cbor","session":"koios-2026-10-07T20:42:24.621Z-1","ts":"2026-10-07T20:42:29.283Z"}
{"duration_ms":533.899,"outcome":"ok","phase":"query","query":"tx_info","session":"koios-2026-10-07T20:42:24.621Z-1","ts":"2026-10-07T20:42:29.817Z"}
{"duration_ms":100.601,"outcome":"ok","phase":"query","query":"tx_info","session":"koios-2026-10-07T20:42:24.621Z-1","ts":"2026-10-07T20:42:29.920Z"}
{"duration_ms":248.257,"outcome":"ok","phase":"query","query":"tx_cbor","session":"koios-2026-10-07T20:42:24.621Z-1","ts":"2026-10-07T20:42:30.169Z"}
{"duration_ms":89.463,"outcome":"ok","phase":"query","query":"tx_cbor","session":"koios-2026-10-07T20:42:24.621Z-1","ts":"2026-10-07T20:42:30.259Z"}
{"phase":"view-release","session":"koios-2026-10-07T20:42:24.621Z-1","ts":"2026-10-07T20:42:30.261Z"}
