{"binding":"Unbound","phase":"view","session":"koios-2026-10-07T20:42:15.682Z-0","ts":"2026-10-07T20:42:15.682Z"}
{"duration_ms":0.193,"outcome":"ok","phase":"query","query":"network-time","session":"koios-2026-10-07T20:42:15.682Z-0","ts":"2026-10-07T20:42:15.682Z"}
{"duration_ms":521.744,"outcome":"ok","phase":"query","query":"cli_protocol_params","session":"koios-2026-10-07T20:42:15.682Z-0","ts":"2026-10-07T20:42:16.204Z"}
{"answer_size":1,"duration_ms":746.938,"outcome":"ok","phase":"query","query":"protocolMajorGuard","ts":"2026-10-07T20:42:16.429Z"}
{"phase":"view-release","session":"koios-2026-10-07T20:42:15.682Z-0","ts":"2026-10-07T20:42:16.430Z"}
{"binding":"Unbound","phase":"view","session":"koios-2026-10-07T20:42:15.682Z-1","ts":"2026-10-07T20:42:16.430Z"}
{"duration_ms":0.178,"outcome":"ok","phase":"query","query":"network-time","session":"koios-2026-10-07T20:42:15.682Z-1","ts":"2026-10-07T20:42:16.430Z"}
{"duration_ms":74.206,"outcome":"ok","phase":"query","query":"cli_protocol_params","session":"koios-2026-10-07T20:42:15.682Z-1","ts":"2026-10-07T20:42:16.504Z"}
{"answer_size":1,"duration_ms":308.937,"outcome":"ok","phase":"query","query":"protocolMajorGuard","ts":"2026-10-07T20:42:16.739Z"}
{"duration_ms":325.721,"outcome":"ok","phase":"query","query":"tip","session":"koios-2026-10-07T20:42:15.682Z-1","ts":"2026-10-07T20:42:17.065Z"}
{"duration_ms":118.563,"outcome":"ok","phase":"query","query":"address_utxos","session":"koios-2026-10-07T20:42:15.682Z-1","ts":"2026-10-07T20:42:17.184Z"}
{"duration_ms":486.344,"outcome":"ok","phase":"query","query":"address_utxos","session":"koios-2026-10-07T20:42:15.682Z-1","ts":"2026-10-07T20:42:17.674Z"}
{"duration_ms":90.581,"outcome":"ok","phase":"query","query":"address_utxos","session":"koios-2026-10-07T20:42:15.682Z-1","ts":"2026-10-07T20:42:17.774Z"}
{"duration_ms":146.821,"outcome":"ok","phase":"query","query":"address_utxos","session":"koios-2026-10-07T20:42:15.682Z-1","ts":"2026-10-07T20:42:17.927Z"}
{"duration_ms":638.279,"outcome":"ok","phase":"query","query":"address_utxos","session":"koios-2026-10-07T20:42:15.682Z-1","ts":"2026-10-07T20:42:18.573Z"}
{"duration_ms":461.305,"outcome":"ok","phase":"query","query":"address_utxos","session":"koios-2026-10-07T20:42:15.682Z-1","ts":"2026-10-07T20:42:19.038Z"}
{"duration_ms":75.607,"outcome":"ok","phase":"query","query":"address_utxos","session":"koios-2026-10-07T20:42:15.682Z-1","ts":"2026-10-07T20:42:19.118Z"}
{"duration_ms":870.731,"outcome":"ok","phase":"query","query":"asset_txs","session":"koios-2026-10-07T20:42:15.682Z-1","ts":"2026-10-07T20:42:19.989Z"}
{"duration_ms":400.379,"outcome":"ok","phase":"query","query":"tx_info","session":"koios-2026-10-07T20:42:15.682Z-1","ts":"2026-10-07T20:42:20.390Z"}
{"duration_ms":76.269,"outcome":"ok","phase":"query","query":"tx_cbor","session":"koios-2026-10-07T20:42:15.682Z-1","ts":"2026-10-07T20:42:20.467Z"}
{"duration_ms":543.699,"outcome":"ok","phase":"query","query":"tx_info","session":"koios-2026-10-07T20:42:15.682Z-1","ts":"2026-10-07T20:42:21.011Z"}
{"duration_ms":114.081,"outcome":"ok","phase":"query","query":"tx_info","session":"koios-2026-10-07T20:42:15.682Z-1","ts":"2026-10-07T20:42:21.127Z"}
{"duration_ms":328.047,"outcome":"ok","phase":"query","query":"tx_cbor","session":"koios-2026-10-07T20:42:15.682Z-1","ts":"2026-10-07T20:42:21.456Z"}
{"duration_ms":60.518,"outcome":"ok","phase":"query","query":"tx_cbor","session":"koios-2026-10-07T20:42:15.682Z-1","ts":"2026-10-07T20:42:21.517Z"}
{"phase":"view-release","session":"koios-2026-10-07T20:42:15.682Z-1","ts":"2026-10-07T20:42:21.518Z"}
