    Compiling hal/mpf 0.0.0 (.)
    Resolving hal/mpf
      Fetched 3 packages in 0.08s from cache
    Compiling aiken-lang/stdlib v2.2.0 (./build/packages/aiken-lang-stdlib)
    Compiling aiken-lang/fuzz v2.1.1 (./build/packages/aiken-lang-fuzz)
    Compiling aiken-lang/merkle-patricia-forestry v2.0.0 (./build/packages/aiken-lang-merkle-patricia-forestry)
   Collecting all tests scenarios across all modules
      Testing ...
  Simplifying counterexample from 2 choices
  Simplifying counterexample from 10 choices
  Simplifying counterexample from 10 choices
   Simplified counterexample in 7ms after 14 steps
   Simplified counterexample in 86ms after 164 steps
   Simplified counterexample in 101ms after 166 steps

    ┍━ cage.props ━━━━━━━━━━━━━━━━━━━━━━━━━━━━━━━━━━━━━━━
    │ PASS [after 100 tests] prop_phase1_phase2_exclusive
    │ PASS [after 100 tests] prop_phase1_phase3_exclusive
    │ PASS [after 100 tests] prop_phase2_phase3_exclusive
    │ PASS [after 100 tests] prop_phase1_honest_not_rejectable
    │ PASS [after 100 tests] prop_phase2_honest_not_rejectable
    │ PASS [after 100 tests] prop_phase_coverage_point
    ┕━━ with --seed=3165002401 → 6 tests | 6 passed | 0 failed


    ┍━ cage.tests ━━━━━━━━━━━━━━━━━━━━━━━━━━━━━━━
    │ PASS [mem: 527.75 K, cpu: 171.63 M] canCage
    │ PASS [mem: 139.80 K, cpu:  45.47 M] canMint
    │ PASS [mem:  21.68 K, cpu:   8.71 M] mint_missing_input
    │ · with traces
    │ | the validator crashed / exited prematurely
    │ x <expected> is_some(find_input(inputs, seed))
    │ PASS [mem:   64.3 K, cpu:  25.47 M] mint_quantity_two
    │ · with traces
    │ | the validator crashed / exited prematurely
    │ x <expected> exactQuantity(policyId, mint, tokenId, 1)
    │ PASS [mem:  85.28 K, cpu:  29.78 M] mint_extra_state_policy_asset
    │ · with traces
    │ | the validator crashed / exited prematurely
    │ x <expected> exactQuantity(policyId, mint, tokenId, 1)
    │ PASS [mem:  64.45 K, cpu:  24.41 M] mint_to_wallet
    │ · with traces
    │ | the validator crashed / exited prematurely
    │ x <expected> address.Script(targetScriptHash) = output.address.payment_credential
    │ PASS [mem:  64.58 K, cpu:  24.79 M] mint_to_wrong_script
    │ · with traces
    │ | the validator crashed / exited prematurely
    │ x <expected> targetScriptHash == policyId
    │ PASS [mem: 106.51 K, cpu:  37.31 M] mint_nonempty_root
    │ · with traces
    │ | the validator crashed / exited prematurely
    │ x <expected> tokenRoot == root(empty)
    │ PASS [mem:  85.03 K, cpu:  29.55 M] mint_request_datum
    │ · with traces
    │ | the validator crashed / exited prematurely
    │ x <expected> StateDatum(State { root: tokenRoot, .. }) = tokenState
    │ PASS [mem:  64.84 K, cpu:  25.71 M] mint_no_datum
    │ · with traces
    │ | the validator crashed / exited prematurely
    │ x <expected> InlineDatum(tokenState) = output.datum
    │ PASS [mem: 127.64 K, cpu:  43.53 M] mint_output_must_hold_token
    │ · with traces
    │ | the validator crashed / exited prematurely
    │ x <expected> exactQuantity(policyId, output.value, tokenId, 1)
    │ PASS [mem: 171.64 K, cpu:  54.95 M] retract_happy
    │ PASS [mem:  42.84 K, cpu:  15.35 M] retract_wrong_signer
    │ · with traces
    │ | the validator crashed / exited prematurely
    │ x <expected> has(extra_signatories, requestOwner)
    │ PASS [mem: 148.13 K, cpu:  48.84 M] retract_in_phase1
    │ · with traces
    │ | the validator crashed / exited prematurely
    │ x <expected> in_phase2(validity_range, submitted_at, process_time, retract_time)
    │ PASS [mem: 168.97 K, cpu:  54.58 M] retract_in_phase3
    │ · with traces
    │ | the validator crashed / exited prematurely
    │ x <expected> in_phase2(validity_range, submitted_at, process_time, retract_time)
    │ PASS [mem:  42.09 K, cpu:  12.78 M] contribute_wrong_token
    │ · with traces
    │ | the validator crashed / exited prematurely
    │ x <expected> requestToken == cageToken
    │ PASS [mem:  42.70 K, cpu:  17.40 M] contribute_missing_ref
    │ · with traces
    │ | the validator crashed / exited prematurely
    │ x <expected> Some(input) =
    │     find(tx.inputs, fn(input) { input.output_reference == ref })
    │ PASS [mem:  42.41 K, cpu:  15.29 M] contribute_reference_only_state_rejected
    │ · with traces
    │ | the validator crashed / exited prematurely
    │ x <expected> Some(input) =
    │     find(tx.inputs, fn(input) { input.output_reference == ref })
    │ PASS [mem:  84.05 K, cpu:  25.78 M] contribute_rejects_foreign_policy_state_same_asset
    │ · with traces
    │ | the validator crashed / exited prematurely
    │ x <expected> carriesStateToken(statePolicyId, cageToken, stateInput)
    │ PASS [mem:  84.74 K, cpu:  28.59 M] contribute_in_phase2
    │ · with traces
    │ | the validator crashed / exited prematurely
    │ x <expected> stateSpentWithModify(stateRef, tx)
    │ PASS [mem: 194.62 K, cpu:  63.60 M] contribute_in_phase3
    │ PASS [mem: 105.51 K, cpu:  35.52 M] contribute_with_state_end_rejected
    │ · with traces
    │ | the validator crashed / exited prematurely
    │ x <expected> stateSpentWithModify(stateRef, tx)
    │ PASS [mem: 356.12 K, cpu: 113.64 M] modify_without_owner_succeeds
    │ PASS [mem: 377.04 K, cpu: 120.28 M] modify_with_stake_script_withdrawal
    │ PASS [mem: 377.57 K, cpu: 120.44 M] modify_ignores_stake_script_hook
    │ PASS [mem: 171.70 K, cpu:  54.10 M] end_with_stake_script
    │ PASS [mem: 127.31 K, cpu:  40.83 M] end_with_stake_script_no_withdrawal
    │ · with traces
    │ | the validator crashed / exited prematurely
    │ x <expected> pairs.has_key(withdrawals, Script(script))
    │ PASS [mem: 296.23 K, cpu:  96.65 M] modify_wrong_address
    │ · with traces
    │ | the validator crashed / exited prematurely
    │ x <expected>
    │     output.address.payment_credential == input.output.address.payment_credential
    │ PASS [mem: 356.12 K, cpu: 113.64 M] modify_owner_transfer
    │ PASS [mem: 257.53 K, cpu:  81.05 M] modify_no_requests
    │ PASS [mem: 318.37 K, cpu: 101.04 M] modify_skip_other_token
    │ PASS [mem: 232.86 K, cpu:  74.98 M] modify_too_few_proofs
    │ · with traces
    │ | the validator crashed / exited prematurely
    │ PASS [mem: 356.12 K, cpu: 113.64 M] modify_extra_proofs
    │ PASS [mem: 275.43 K, cpu:  90.32 M] modify_wrong_root
    │ · with traces
    │ | the validator crashed / exited prematurely
    │ | mpf.root(expectedNewRoot) == newRoot ? False
    │ x <expected> (mpf.root(expectedNewRoot) == newRoot)?
    │ PASS [mem: 254.31 K, cpu:  82.63 M] modify_in_phase2
    │ · with traces
    │ | the validator crashed / exited prematurely
    │ x <expected> in_phase1(validity_range, submitted_at, process_time)
    │ PASS [mem: 253.39 K, cpu:  79.67 M] modify_output_must_hold_token
    │ · with traces
    │ | the validator crashed / exited prematurely
    │ x <expected> exactQuantity(policyId, output.value, tokenId, 1)
    │ PASS [mem: 155.98 K, cpu:  48.22 M] end_happy
    │ PASS [mem: 106.16 K, cpu:  35.29 M] end_missing_signature
    │ · with traces
    │ | the validator crashed / exited prematurely
    │ x <expected> has(extra_signatories, owner)
    │ PASS [mem: 147.80 K, cpu:  46.44 M] end_wrong_token_in_mint
    │ · with traces
    │ | the validator crashed / exited prematurely
    │ x <expected> exactQuantity(policyId, mint, tokenId, -1)
    │ PASS [mem:  84.66 K, cpu:  25.91 M] modify_rejects_foreign_policy_same_asset
    │ · with traces
    │ | the validator crashed / exited prematurely
    │ x <expected> Some(cageToken) = tokenFromPolicy(policyId, input.output.value)
    │ PASS [mem:  84.31 K, cpu:  25.32 M] end_rejects_foreign_policy_same_asset
    │ · with traces
    │ | the validator crashed / exited prematurely
    │ x <expected> Some(cageToken) = tokenFromPolicy(policyId, input.output.value)
    │ PASS [mem:  41.68 K, cpu:  10.84 M] retract_on_state_datum
    │ · with traces
    │ | the validator crashed / exited prematurely
    │ x <expected> Some(RequestDatum(request)) = maybeDatum
    │ PASS [mem:  21.61 K, cpu:   7.23 M] contribute_on_state_datum
    │ · with traces
    │ | the validator crashed / exited prematurely
    │ x <expected> Some(RequestDatum(request)) = maybeDatum
    │ PASS [mem:  21.29 K, cpu:   6.72 M] modify_on_request_datum
    │ · with traces
    │ | the validator crashed / exited prematurely
    │ x <expected> Some(StateDatum(state)) = maybeDatum
    │ PASS [mem:  21.29 K, cpu:   6.72 M] end_on_request_datum
    │ · with traces
    │ | the validator crashed / exited prematurely
    │ x <expected> Some(StateDatum(state)) = maybeDatum
    │ PASS [mem:  20.65 K, cpu:   5.02 M] spend_no_datum
    │ · with traces
    │ | the validator crashed / exited prematurely
    │ x <expected> Some(RequestDatum(request)) = maybeDatum
    │ PASS [after   1 test] prop_retract_requires_owner
    │ ★ counterexample
    │ │ #"00000000000000000000000000000000000000000000000000000000"
    │ · with traces
    │ x <expected> has(extra_signatories, requestOwner)
    │ PASS [after 100 tests] prop_modify_no_owner_required
    │ PASS [after 100 tests] prop_mint_roundtrip
    │ PASS [mem: 262.39 K, cpu:  82.37 M] canMigrate
    │ PASS [mem:  42.67 K, cpu:  13.32 M] migrate_no_burn
    │ · with traces
    │ | the validator crashed / exited prematurely
    │ x <expected> exactQuantity(oldPolicy, mint, tokenId, -1)
    │ PASS [mem: 190.29 K, cpu:  59.22 M] migrate_to_wallet
    │ · with traces
    │ | the validator crashed / exited prematurely
    │ x <expected> address.Script(targetScriptHash) = output.address.payment_credential
    │ PASS [mem:  84.06 K, cpu:  23.25 M] migrate_wrong_old_policy
    │ · with traces
    │ | the validator crashed / exited prematurely
    │ x <expected> exactQuantity(oldPolicy, mint, tokenId, -1)
    │ PASS [mem: 126.93 K, cpu:  38.90 M] migrate_extra_state_policy_asset
    │ · with traces
    │ | the validator crashed / exited prematurely
    │ x <expected> exactQuantity(policyId, mint, tokenId, 1)
    │ PASS [mem: 232.15 K, cpu:  70.32 M] migrate_output_must_hold_token
    │ · with traces
    │ | the validator crashed / exited prematurely
    │ x <expected> exactQuantity(policyId, output.value, tokenId, 1)
    │ PASS [mem:  63.76 K, cpu:  18.54 M] migrate_old_policy_not_allowlisted
    │ · with traces
    │ | the validator crashed / exited prematurely
    │ x <expected> has(previousPolicies, oldPolicy)
    │ PASS [mem:  84.71 K, cpu:  26.95 M] migrate_no_predecessor_input
    │ · with traces
    │ | the validator crashed / exited prematurely
    │ x <expected> Some(predIn) =
    │     find(inputs, fn(i) { exactQuantity(oldPolicy, i.output.value, tokenId, 1) })
    │ PASS [mem: 168.94 K, cpu:  52.51 M] migrate_missing_owner_signature
    │ · with traces
    │ | the validator crashed / exited prematurely
    │ x <expected> has(extra_signatories, owner)
    │ PASS [mem: 254.12 K, cpu:  82.45 M] migrate_changes_owner
    │ · with traces
    │ | the validator crashed / exited prematurely
    │ x <expected> outState == predState
    │ PASS [mem: 254.41 K, cpu:  83.16 M] migrate_changes_tip
    │ · with traces
    │ | the validator crashed / exited prematurely
    │ x <expected> outState == predState
    │ PASS [mem:  63.95 K, cpu:  18.73 M] migrate_forged_token_cannot_sweep
    │ · with traces
    │ | the validator crashed / exited prematurely
    │ x <expected> has(previousPolicies, oldPolicy)
    │ PASS [mem: 412.81 K, cpu: 131.57 M] modify_with_refund
    │ PASS [mem: 379.51 K, cpu: 120.80 M] modify_missing_refund
    │ · with traces
    │ | the validator crashed / exited prematurely
    │ x <expected> [output, ..remaining] = outputs
    │ PASS [mem: 401.75 K, cpu: 130.85 M] modify_insufficient_refund
    │ · with traces
    │ | the validator crashed / exited prematurely
    │ x <expected> totalRefunded >= owed
    │ PASS [mem: 380.44 K, cpu: 123.08 M] modify_wrong_refund_address
    │ · with traces
    │ | the validator crashed / exited prematurely
    │ x <expected> vkh == owner
    │ PASS [mem: 446.76 K, cpu: 140.91 M] modify_zero_fee
    │ PASS [mem: 233.27 K, cpu:  75.82 M] modify_fee_mismatch
    │ · with traces
    │ | the validator crashed / exited prematurely
    │ x <expected> tip == stateTip
    │ PASS [mem: 193.22 K, cpu:  58.19 M] end_with_extra_mint_policy
    │ PASS [mem: 189.93 K, cpu:  58.44 M] end_with_extra_state_policy_asset
    │ · with traces
    │ | the validator crashed / exited prematurely
    │ x <expected> exactQuantity(policyId, mint, tokenId, -1)
    │ PASS [mem: 395.11 K, cpu: 126.11 M] reject_happy
    │ PASS [mem: 275.55 K, cpu:  89.88 M] reject_in_phase1
    │ · with traces
    │ | the validator crashed / exited prematurely
    │ x <expected>
    │                     is_rejectable(
    │                       validity_range,
    │                       submitted_at,
    │                       process_time,
    │                       retract_time,
    │                     )
    │ PASS [mem: 275.55 K, cpu:  89.88 M] reject_in_phase2
    │ · with traces
    │ | the validator crashed / exited prematurely
    │ x <expected>
    │                     is_rejectable(
    │                       validity_range,
    │                       submitted_at,
    │                       process_time,
    │                       retract_time,
    │                     )
    │ PASS [mem: 416.23 K, cpu: 132.81 M] reject_future_submitted_at
    │ PASS [mem: 106.29 K, cpu:  35.71 M] end_wrong_signer
    │ · with traces
    │ | the validator crashed / exited prematurely
    │ x <expected> has(extra_signatories, owner)
    │ PASS [mem: 275.77 K, cpu:  89.93 M] reject_root_changes
    │ · with traces
    │ | the validator crashed / exited prematurely
    │ | mpf.root(expectedNewRoot) == newRoot ? False
    │ x <expected> (mpf.root(expectedNewRoot) == newRoot)?
    │ PASS [mem: 401.25 K, cpu: 128.14 M] reject_wrong_refund
    │ · with traces
    │ | the validator crashed / exited prematurely
    │ x <expected> totalRefunded >= owed
    │ PASS [mem: 395.11 K, cpu: 126.11 M] reject_refund_owed_above_min_utxo_passes
    │ PASS [mem: 425.23 K, cpu: 135.50 M] reject_refund_min_utxo_topup_passes
    │ PASS [mem: 422.86 K, cpu: 136.18 M] reject_refund_under_owed_fails
    │ · with traces
    │ | the validator crashed / exited prematurely
    │ x <expected> totalRefunded >= owed
    │ PASS [mem: 338.36 K, cpu: 108.80 M] reject_refund_topup_cannot_drain_state
    │ · with traces
    │ | the validator crashed / exited prematurely
    │ x <expected>
    │     assets.lovelace_of(output.value) >= assets.lovelace_of(input.output.value)
    │ PASS [mem: 153.46 K, cpu:  48.56 M] sweep_no_datum
    │ PASS [mem: 160.54 K, cpu:  52.41 M] sweep_wrong_token_request
    │ PASS [mem: 155.82 K, cpu:  49.46 M] sweep_fake_state_no_nft
    │ PASS [mem: 379.31 K, cpu: 122.35 M] sweep_alongside_modify
    │ PASS [mem: 126.80 K, cpu:  41.69 M] sweep_wrong_signer
    │ · with traces
    │ | the validator crashed / exited prematurely
    │ x <expected> has(extra_signatories, owner)
    │ PASS [mem:  63.16 K, cpu:  19.55 M] sweep_fake_state_ref
    │ · with traces
    │ | the validator crashed / exited prematurely
    │ x <expected> carriesStateToken(statePolicyId, cageToken, stateInput)
    │ PASS [mem:  85.35 K, cpu:  29.59 M] state_sweep_rejected
    │ · with traces
    │ | the validator crashed / exited prematurely
    │ PASS [mem: 168.42 K, cpu:  55.69 M] sweep_legitimate_request
    │ · with traces
    │ | the validator crashed / exited prematurely
    │ x <expected> !protected
    │ PASS [mem: 174.94 K, cpu:  56.60 M] sweep_mismatched_tip_request
    │ PASS [mem: 178.37 K, cpu:  58.07 M] sweep_underfunded_matching_request
    │ PASS [mem: 250.15 K, cpu:  78.90 M] modify_zero_requests_happy
    │ PASS [mem: 190.32 K, cpu:  59.68 M] modify_zero_requests_root_changes
    │ · with traces
    │ | the validator crashed / exited prematurely
    │ | mpf.root(expectedNewRoot) == newRoot ? False
    │ x <expected> (mpf.root(expectedNewRoot) == newRoot)?
    │ PASS [mem:   9.69 K, cpu:   6.11 M] two_seeds_distinct_tokens
    │ PASS [mem:  22.18 K, cpu:   9.66 M] wrong_request_parameter_rejects_this_cage_token
    │ · with traces
    │ | the validator crashed / exited prematurely
    │ x <expected> requestToken == cageToken
    │ FAIL [mem: 155.98 K, cpu:  48.22 M] root_ownerless_end_refuses
    │ FAIL [mem: 262.39 K, cpu:  82.37 M] root_ownerless_migration_refuses
    │ FAIL [mem: 153.46 K, cpu:  48.56 M] root_ownerless_sweep_refuses
    │ FAIL [mem:  49.39 K, cpu:  14.47 M] root_ownerless_burning_refuses
    ┕━━━━━━━━━━━━━━━━━━━━━━━━━━━━━━ with --seed=3165002401 → 98 tests | 94 passed | 4 failed


    ┍━ cage_vectors ━━━━━━━━━━━━━━━━━━━━━━━━━━━━━━━━━━━━━━━━━━━━━━━━
    │ PASS [mem:  23.01 K, cpu:   5.66 M] vec_insert_into_empty_trie
    │ PASS [mem: 104.14 K, cpu:  31.10 M] vec_insert_creating_fork
    │ PASS [mem: 103.74 K, cpu:  30.83 M] vec_insert_with_shared_prefix
    │ PASS [mem:  53.38 K, cpu:  14.88 M] vec_inclusion_proof_for_middle_key
    │ PASS [mem:   4.99 K, cpu:   3.09 M] vec_asset_name_from_txoutref_index_0
    │ PASS [mem:   4.99 K, cpu:   3.09 M] vec_asset_name_from_txoutref_index_1
    │ PASS [mem:   4.99 K, cpu:   3.09 M] vec_asset_name_from_zero_txid_index_255
    ┕━━━━━━━━━━━━━━━━━━━━━━━━━━━━━━━━━━━━━━━━━━━━━━ 7 tests | 7 passed | 0 failed


    ┍━ lib.props ━━━━━━━━━━━━━━━━━━━━━━━━━━━━━━━━━━━━━━━━━
    │ PASS [after 100 tests] prop_valueFromToken_roundtrip
    │ PASS [after 100 tests] prop_tokenFromValue_ada_only
    │ PASS [after 100 tests] prop_quantity_present
    │ PASS [after   1 test] prop_quantity_wrong_policy
    │ ★ counterexample
    │ │ (
    │ │   (
    │ │     #"00000000000000000000000000000000000000000000000000000000",
    │ │     #"8080778c30c20fa2ebc0ed18d2cbca1f30b027625c7d9d97f5d58972",
    │ │   ),
    │ │   (
    │ │     #"0000000000000000000000000000000000000000000000000000000000000000",
    │ │     1,
    │ │   ),
    │ │ )
    │ PASS [after   1 test] prop_quantity_wrong_asset
    │ ★ counterexample
    │ │ (
    │ │   (
    │ │     #"00000000000000000000000000000000000000000000000000000000",
    │ │     #"0000000000000000000000000000000000000000000000000000000000000000",
    │ │   ),
    │ │   (
    │ │     #"8080778c30c20fa2ebc0ed18d2cbca1f30b027625c7d9d97f5d589721c91aeb6",
    │ │     1,
    │ │   ),
    │ │ )
    │ PASS [after 100 tests] prop_quantity_valueFromToken
    ┕━━━━━━━━━━━━━━━━━━━━ with --seed=3165002401 → 6 tests | 6 passed | 0 failed


    ┍━ lib.tests ━━━━━━━━━━━━━━━━━━━━━━━━━━━━━━━━━━━━━━━━━━━━━━━━
    │ PASS [mem:   9.09 K, cpu:   5.89 M] assetName_deterministic
    │ PASS [mem:   9.69 K, cpu:   6.06 M] assetName_different_txid
    │ PASS [mem:   9.69 K, cpu:   6.06 M] assetName_different_index
    │ PASS [after 100 tests] prop_assetName_deterministic
    │ PASS [mem:  49.23 K, cpu:  14.93 M] tokenFromValue_single_nft
    │ PASS [mem:  20.48 K, cpu:   5.95 M] tokenFromValue_ada_only
    │ PASS [mem:  53.02 K, cpu:  14.77 M] tokenFromValue_multi_policy
    │ PASS [mem:  82.37 K, cpu:  23.76 M] tokenFromValue_multi_asset
    │ PASS [mem:  51.25 K, cpu:  15.57 M] tokenFromValue_roundtrip
    │ PASS [mem:  26.20 K, cpu:   8.22 M] quantity_present
    │ PASS [mem:  20.04 K, cpu:   6.06 M] quantity_wrong_policy
    │ PASS [mem:  25.57 K, cpu:   7.86 M] quantity_wrong_asset
    │ PASS [mem:  27.66 K, cpu:   8.71 M] quantity_valueFromToken
    ┕━━━━━━━ with --seed=3165002401 → 13 tests | 13 passed | 0 failed



  ⚠ aiken.toml demands compiler version v1.1.16, but you are using v1.1.21.
  help: You may want to switch to v1.1.16


  ⚠ I discovered an unused imported value: Fork
   ╭─[./validators/cage_vectors.ak:6:45]
 5 │ 
 6 │ use aiken/merkle_patricia_forestry.{Branch, Fork, Leaf, Neighbor, Proof}
   ·                                             ──┬─
   ·                                               ╰── unused import
 7 │ use aiken/merkle_patricia_forestry as mpf
   ╰────
  help: No big deal, but you might want to remove it to get rid of that
        warning.


  ⚠ I discovered an unused imported value: Neighbor
   ╭─[./validators/cage_vectors.ak:6:57]
 5 │ 
 6 │ use aiken/merkle_patricia_forestry.{Branch, Fork, Leaf, Neighbor, Proof}
   ·                                                         ────┬───
   ·                                                             ╰── unused import
 7 │ use aiken/merkle_patricia_forestry as mpf
   ╰────
  help: No big deal, but you might want to remove it to get rid of that
        warning.

      Summary 1417 checks, 4 errors, 3 warnings
