provider: /code/singular-e18-cov2 @ 0334fc13bbd9369757f1bf18419d418a03b47dad
provider status:  M conformance/coverage/publication-boundary-check.sh; M conformance/coverage/publication-boundary-evidence.log; M nix/release.nix;
publisher closure: /nix/store/mll5l14d4si2im8y4b05n71bil6b4hfx-publish-docs/bin/publish-docs
sufficient fixture: /tmp/pub-harness/fixtures/sufficient @ 198e13451372715ffe8c417bfd5210920e98caec
missing fixture: /tmp/pub-harness/fixtures/missing @ c9ed71231a93f94bebbba18b21e6c5e411d04393
version tag: v0.3.0
unmarked fixture: /tmp/pub-harness/unmarked @ 0e5be92b2eba7664143c596a86b14ef994d2cad6
incomplete fixture: /tmp/pub-harness/incomplete @ e596244f4311bc46de1e570964124c4ccfe218d4 (provider HEAD plus test marker)
=== case positive
pwd: /tmp/pub-harness/fixtures/sufficient @ 198e13451372715ffe8c417bfd5210920e98caec
tag: v0.3.0 sha: 198e13451372715ffe8c417bfd5210920e98caec TAG_COMMIT: 198e13451372715ffe8c417bfd5210920e98caec
publisher exit: 1
--- publisher output (/tmp/pub-harness/case-positive.log):
warning: Git tree '/code/singular-e18-cov2' is dirty
COMPLETION: COMPLETE
  mapping debt rows: 0
  implementation-layer debt rows: 0
  execution debt findings: 0
  unclassified rows: 0
  stale bindings: 0
DEBT axes (reported separately, never summed)
  mapping debt: 0 obligations without a bound story representation
  implementation-layer debt: 0 obligations with fewer than two distinct layers
  execution debt: 0 findings (stale/skipped/unexecuted/failing/vacuous/invalid-control)
  unclassified: 0 declarations outside the manifests
candidate: 198e13451372715ffe8c417bfd5210920e98caec (bound: HEAD matches; tree clean; root is top level)
error: getting status of '/tmp/pub-harness/fixtures/sufficient/onchain': No such file or directory
case positive: HELD (assembly attempted, no upload)
=== case incomplete
pwd: /tmp/pub-harness/incomplete @ e596244f4311bc46de1e570964124c4ccfe218d4
tag: v0.3.0 sha: e596244f4311bc46de1e570964124c4ccfe218d4 TAG_COMMIT: e596244f4311bc46de1e570964124c4ccfe218d4
publisher exit: 1
--- publisher output (/tmp/pub-harness/case-incomplete.log):
warning: Git tree '/code/singular-e18-cov2' is dirty
COMPLETION: INCOMPLETE
  mapping debt rows: 192
  implementation-layer debt rows: 192
  execution debt findings: 0
  unclassified rows: 83
  stale bindings: 0
  strict completion requires every category zero — an incremental PR does not
DEBT axes (reported separately, never summed)
  mapping debt: 192 obligations without a bound story representation
  implementation-layer debt: 192 obligations with fewer than two distinct layers
  execution debt: 0 findings (stale/skipped/unexecuted/failing/vacuous/invalid-control)
  unclassified: 83 declarations outside the manifests
    Singular.requireSome_none: unmapped; no-layer; unclassified
    Singular.requireSome_some: unmapped; no-layer; unclassified
    Singular.entry_key: unmapped; no-layer; unclassified
    Singular.consume_config: unmapped; no-layer; unclassified
    Singular.consume_entries: unmapped; no-layer; unclassified
    Singular.consume_used: unmapped; no-layer; unclassified
    Singular.consume_applications: unmapped; no-layer; unclassified
    Singular.consume_requests: unmapped; no-layer; unclassified
    Singular.setEntry_config: unmapped; no-layer; unclassified
    Singular.setEntry_applications: unmapped; no-layer; unclassified
    Singular.setEntry_requests: unmapped; no-layer; unclassified
    Singular.setEntry_used: unmapped; no-layer; unclassified
    Singular.setEntry_entries: unmapped; no-layer; unclassified
    Singular.entry_of_entries: unmapped; no-layer; unclassified
    Singular.find?_filter_key_ne: unmapped; no-layer; unclassified
    Singular.entry_setEntry: unmapped; no-layer; unclassified
    Singular.representative_of: unmapped; no-layer; unclassified
    Singular.representative_key: unmapped; no-layer; unclassified
    Singular.representative_key_eq: unmapped; no-layer; unclassified
    Singular.supply_eq: unmapped; no-layer; unclassified
    Singular.filter_ne_of_forall: unmapped; no-layer; unclassified
    Singular.countP_filter_ne_of_nodup: unmapped; no-layer; unclassified
    Singular.countP_filter_le: unmapped; no-layer; unclassified
    Singular.not_mem_of_nodup_append: unmapped; no-layer; unclassified
    Singular.not_mem_of_nodup_append': unmapped; no-layer; unclassified
    Singular.createInsert_ok: unmapped; no-layer; unclassified
    Singular.mintWithdraw_ok: unmapped; no-layer; unclassified
    Singular.release_ok: unmapped; no-layer; unclassified
    Singular.evolve_ok: unmapped; no-layer; unclassified
    Singular.outsider_ok: unmapped; no-layer; unclassified
    Singular.withdraw_ok: unmapped; no-layer; unclassified
    Singular.fold_ok: unmapped; no-layer; unclassified
    Singular.moveAction_ok: unmapped; no-layer; unclassified
    Singular.escape_error: unmapped; no-layer; unclassified
    Singular.foldOne_insert_ok: unmapped; no-layer; unclassified
    Singular.foldOne_terminal_ok: unmapped; no-layer; unclassified
    Singular.foldOne_ok_find: unmapped; no-layer; unclassified
    Singular.foldItems_cons_ok: unmapped; no-layer; unclassified
    Singular.foldOne_entry_over: unmapped; no-layer; unclassified
    Singular.foldItems_entry_over: unmapped; no-layer; unclassified
    Singular.inv_initial: unmapped; no-layer; unclassified
    Singular.Inv.nodup_applications: unmapped; no-layer; unclassified
    Singular.Inv.nodup_requests: unmapped; no-layer; unclassified
    Singular.Inv.filter_applications: unmapped; no-layer; unclassified
    Singular.Inv.filter_requests: unmapped; no-layer; unclassified
    Singular.Inv.fresh_id: unmapped; no-layer; unclassified
    Singular.sublist_ids: unmapped; no-layer; unclassified
    Singular.nodup_middle_of: unmapped; no-layer; unclassified
    Singular.inv_of_eq: unmapped; no-layer; unclassified
    Singular.inv_add_request: unmapped; no-layer; unclassified
    Singular.inv_release: unmapped; no-layer; unclassified
    Singular.inv_evolve: unmapped; no-layer; unclassified
    Singular.inv_remove_request: unmapped; no-layer; unclassified
    Singular.inv_fold_insert: unmapped; no-layer; unclassified
    Singular.inv_fold_terminal: unmapped; no-layer; unclassified
    Singular.inv_foldOne: unmapped; no-layer; unclassified
    Singular.inv_foldItems: unmapped; no-layer; unclassified
    Singular.inv_step: unmapped; no-layer; unclassified
    Singular.reachable_inv: unmapped; no-layer; unclassified
    Singular.insertNative_entries: unmapped; no-layer; unclassified
    Singular.releaseNative_entries: unmapped; no-layer; unclassified
    Singular.approved_entries: unmapped; no-layer; unclassified
    Singular.fresh_entries: unmapped; no-layer; unclassified
    Singular.step_createInsert_entries: unmapped; no-layer; unclassified
    Singular.step_release_entries: unmapped; no-layer; unclassified
    Singular.exceptBindOkClaim: unmapped; no-layer; unclassified
    Singular.exceptBindOkAction: unmapped; no-layer; unclassified
    Singular.exceptBindErrAction: unmapped; no-layer; unclassified
    Singular.exceptBindOkRegistryResult: unmapped; no-layer; unclassified
    Singular.exceptBindErrRegistryResult: unmapped; no-layer; unclassified
    Singular.exceptBindOkAny: unmapped; no-layer; unclassified
    Singular.exceptBindErrAny: unmapped; no-layer; unclassified
    Singular.exceptMapOkAny: unmapped; no-layer; unclassified
    Singular.exceptMapErrAny: unmapped; no-layer; unclassified
    Singular.exceptMapEqAny: unmapped; no-layer; unclassified
    Singular.exceptBindResultEqAction: unmapped; no-layer; unclassified
    Singular.exceptMapEq: unmapped; no-layer; unclassified
    Singular.throwEqError: unmapped; no-layer; unclassified
    Singular.insertNeSelfFalse: unmapped; no-layer; unclassified
    Singular.namingStepFoldActionEq: unmapped; no-layer; unclassified
    Singular.foldElseBindEq: unmapped; no-layer; unclassified
    Singular.namingTerminalFalse: unmapped; no-layer; unclassified
    Singular.namingFoldInsertPreservesFixture: unmapped; no-layer; unclassified
    Singular.NamingLifecycleStatements.supported_address_roundtrips: unmapped; no-layer
    Singular.NamingLifecycleStatements.commitment_vectors_are_distinct_and_32_bytes: unmapped; no-layer
    Singular.NamingLifecycleStatements.hash_contract_publishes_complete_preimage: unmapped; no-layer
    Singular.NamingLifecycleStatements.cancellation_stored_refund_committed_and_accepts: unmapped; no-layer
    Singular.NamingLifecycleStatements.cancellation_redirect_refused: unmapped; no-layer
    Singular.NamingLifecycleStatements.insert_attestation_alone_cannot_cancel: unmapped; no-layer
    Singular.NamingLifecycleStatements.folded_claim_cancellation_refused: unmapped; no-layer
    Singular.NamingLifecycleStatements.cancellation_replay_refused: unmapped; no-layer
    Singular.NamingLifecycleStatements.destination_clear_accepts: unmapped; no-layer
    Singular.NamingLifecycleStatements.destination_change_preserves_registry_control_commitment_quorum: unmapped; no-layer
    Singular.NamingLifecycleStatements.destination_unauthorized_refused: unmapped; no-layer
    Singular.NamingLifecycleStatements.destination_commitment_tamper_refused: unmapped; no-layer
    Singular.NamingLifecycleStatements.maintenance_quorum_alteration_refused: unmapped; no-layer
    Singular.NamingLifecycleStatements.recovery_accepts_without_old_controller: unmapped; no-layer
    Singular.NamingLifecycleStatements.recovery_installs_controller_and_fresh_commitment: unmapped; no-layer
    Singular.NamingLifecycleStatements.wrong_recovery_reveal_refused: unmapped; no-layer
    Singular.NamingLifecycleStatements.recovery_requires_revealed_payment_key_signer: unmapped; no-layer
    Singular.NamingLifecycleStatements.correct_reveal_wrong_payment_key_signer_refused: unmapped; no-layer
    Singular.NamingLifecycleStatements.recovery_missing_fresh_commitment_refused: unmapped; no-layer
    Singular.NamingLifecycleStatements.recovery_representative_tamper_refused: unmapped; no-layer
    Singular.NamingLifecycleStatements.recovery_registry_tamper_refused: unmapped; no-layer
    Singular.NamingLifecycleStatements.recovery_quorum_tamper_refused: unmapped; no-layer
    Singular.NamingLifecycleStatements.recovery_replay_refused: unmapped; no-layer
    Singular.NamingLifecycleStatements.old_controller_dead_after_recovery: unmapped; no-layer
    Singular.NamingLifecycleStatements.controller_and_quorum_retirement_accept: unmapped; no-layer
    Singular.NamingLifecycleStatements.insufficient_quorum_refused: unmapped; no-layer
    Singular.NamingLifecycleStatements.quorum_only_control_takeover_refused: unmapped; no-layer
    Singular.NamingLifecycleStatements.quorum_only_payment_redirection_refused: unmapped; no-layer
    Singular.NamingLifecycleStatements.retirement_withdrawal_refused: unmapped; no-layer
    Singular.NamingLifecycleStatements.wrong_retirement_request_custody_refused: unmapped; no-layer
    Singular.NamingLifecycleStatements.retirement_replay_refused: unmapped; no-layer
    Singular.NamingLifecycleStatements.retirement_pending_then_over: unmapped; no-layer
    Singular.NamingLifecycleStatements.re_registration_after_over_refused: unmapped; no-layer
    Singular.NamingLifecycleStatements.forged_public_digest_cannot_override_trusted_hash: unmapped; no-layer
    Singular.NamingLifecycleStatements.alternate_registry_seed_refused: unmapped; no-layer
    Singular.NamingLifecycleStatements.canonical_consumer_initialization_accepts: unmapped; no-layer
    Singular.NamingLifecycleStatements.canonical_seed_is_consumed_once: unmapped; no-layer
    Singular.NamingLifecycleStatements.second_seed_rival_registry_refused: unmapped; no-layer
    Singular.NamingLifecycleStatements.substituted_registry_refused: unmapped; no-layer
    Singular.NamingLifecycleStatements.substituted_policy_refused: unmapped; no-layer
    Singular.NamingLifecycleStatements.substituted_representative_policy_refused: unmapped; no-layer
    Singular.NamingLifecycleStatements.substituted_validator_script_refused: unmapped; no-layer
    Singular.NamingLifecycleStatements.executing_witness_is_derived_per_example: unmapped; no-layer
    Singular.NamingStatements.naming_delete_refused: unmapped; no-layer
    Singular.NamingStatements.naming_approval_reserves_nothing: unmapped; no-layer
    Singular.NamingStatements.naming_absent_certified_insert_activates: unmapped; no-layer
    Singular.NamingStatements.naming_occupied_key_refuses_duplicate: unmapped; no-layer
    Singular.NamingStatements.naming_fixture_fields_preserved_on_insert: unmapped; no-layer
    Singular.NamingStatements.naming_unauthenticated_resolve: unmapped; no-layer
    Singular.NamingStatements.naming_payment_destination_distinct_from_control: unmapped; no-layer
    Singular.NamingStatements.naming_step_create_insert: unmapped; no-layer
    Singular.NamingStatements.naming_step_fold_generic_when_all_insert: unmapped; no-layer
    Singular.NamingStatements.naming_step_refuses_other: unmapped; no-layer
    Singular.NamingStatements.naming_queue_unknown_spelling_iff: unmapped; no-layer
    Singular.NamingStatements.naming_queue_malformed_fixture_iff: unmapped; no-layer
    Singular.NamingStatements.naming_queue_unapproved_refused: unmapped; no-layer
    Singular.NamingStatements.naming_resolve_unauthenticated_iff: unmapped; no-layer
    Singular.NamingStatements.naming_resolve_active_iff: unmapped; no-layer
    Singular.NamingStatements.naming_resolve_pending_iff: unmapped; no-layer
    Singular.NamingStatements.naming_resolve_absent_iff: unmapped; no-layer
    Singular.NamingWireStatements.naming_datum_serialises_byte_exact: unmapped; no-layer
    Singular.NamingWireStatements.naming_datum_tree_roundtrip_and_shape: unmapped; no-layer
    Singular.NamingWireStatements.inline_datum_only: unmapped; no-layer
    Singular.NamingWireStatements.payment_destination_zero_or_one: unmapped; no-layer
    Singular.NamingWireStatements.insert_request_fixture_is_the_queued_request: unmapped; no-layer
    Singular.NamingWireStatements.insert_request_serialises_byte_exact: unmapped; no-layer
    Singular.NamingWireStatements.insert_request_roundtrip_and_declared_shape: unmapped; no-layer
    Singular.NamingWireStatements.insert_request_malformed_and_redirect_refused: unmapped; no-layer
    Singular.Statements.insert_commitment_injective: unmapped; no-layer
    Singular.Statements.action_domain_separation: unmapped; no-layer
    Singular.Statements.createInsert_iff: unmapped; no-layer
    Singular.Statements.mintWithdraw_iff: unmapped; no-layer
    Singular.Statements.release_iff: unmapped; no-layer
    Singular.Statements.evolve_iff: unmapped; no-layer
    Singular.Statements.outsider_iff: unmapped; no-layer
    Singular.Statements.withdraw_iff: unmapped; no-layer
    Singular.Statements.fold_iff: unmapped; no-layer
    Singular.Statements.moveAction_iff: unmapped; no-layer
    Singular.Statements.escape_refused: unmapped; no-layer
    Singular.Statements.foldOne_insert_iff: unmapped; no-layer
    Singular.Statements.foldOne_terminal_iff: unmapped; no-layer
    Singular.Statements.sequential_fold_cons: unmapped; no-layer
    Singular.Statements.supply_conservation: unmapped; no-layer
    Singular.Statements.over_terminal: unmapped; no-layer
    Singular.Statements.over_no_representative: unmapped; no-layer
    Singular.Statements.pending_insert_no_representative: unmapped; no-layer
    Singular.Statements.minting_requires_configured_issuer: unmapped; no-layer
    Singular.Statements.withdrawal_preserves_registry_supply: unmapped; no-layer
    Singular.Statements.exact_withdraw_scope: unmapped; no-layer
    Singular.Statements.local_evolution_registry_unchanged: unmapped; no-layer
    Singular.Statements.release_is_operation_specific: unmapped; no-layer
    Singular.Statements.release_removes_application_custody: unmapped; no-layer
    Singular.Statements.request_single_spend: unmapped; no-layer
    Singular.Statements.approval_scope_checked: unmapped; no-layer
    Singular.Statements.outsider_not_admitted: unmapped; no-layer
    Singular.Statements.native_witness_even_zero_net: unmapped; no-layer
    Singular.Statements.nonzero_action_invokes_policy: unmapped; no-layer
    Singular.Statements.existing_action_does_not_refresh_scope: unmapped; no-layer
    Singular.Statements.resolve_unauthenticated: unmapped; no-layer
    Singular.Statements.resolve_absent: unmapped; no-layer
    Singular.Statements.resolve_over: unmapped; no-layer
    Singular.Statements.resolve_address_iff: unmapped; no-layer
    Singular.Statements.resolve_pending_iff: unmapped; no-layer
    Singular.Statements.release_registry_independent: unmapped; no-layer
    Singular.Statements.insert_creation_registry_independent: unmapped; no-layer
    Singular.Statements.whole_release_acceptance_independent: unmapped; no-layer
    Singular.Statements.whole_release_refusal_independent: unmapped; no-layer
    Singular.Statements.whole_insert_acceptance_independent: unmapped; no-layer
    Singular.Statements.whole_insert_refusal_independent: unmapped; no-layer
candidate: e596244f4311bc46de1e570964124c4ccfe218d4 (bound: HEAD matches; tree clean; root is top level)
case incomplete: HELD (exit 1, 'INCOMPLETE', no assembly, no upload)
=== case missing
pwd: /tmp/pub-harness/fixtures/missing @ c9ed71231a93f94bebbba18b21e6c5e411d04393
tag: v0.3.0 sha: c9ed71231a93f94bebbba18b21e6c5e411d04393 TAG_COMMIT: c9ed71231a93f94bebbba18b21e6c5e411d04393
publisher exit: 3
--- publisher output (/tmp/pub-harness/case-missing.log):
warning: Git tree '/code/singular-e18-cov2' is dirty
FAIL-CLOSED unbound release input: conformance/coverage/record/record.json is not a single committed path at c9ed71231a93f94bebbba18b21e6c5e411d04393
case missing: HELD (exit 3, 'not a single committed path', no assembly, no upload)
=== case injected-fault
pwd: /tmp/pub-harness/fixtures/sufficient @ 198e13451372715ffe8c417bfd5210920e98caec
tag: v0.3.0 sha: 198e13451372715ffe8c417bfd5210920e98caec TAG_COMMIT: 0000000000000000000000000000000000000000
publisher exit: 1
--- publisher output (/tmp/pub-harness/case-injected-fault.log):
warning: Git tree '/code/singular-e18-cov2' is dirty
FAIL: checkout /tmp/pub-harness/fixtures/sufficient is not the tag commit 0000000000000000000000000000000000000000
case injected-fault: HELD (exit 1, 'FAIL: checkout .* is not the tag commit', no assembly, no upload)
marker-deleted fixture: /tmp/pub-harness/markdel @ e596244f4311bc46de1e570964124c4ccfe218d4 (dirty tree)
=== case marker-deleted
pwd: /tmp/pub-harness/markdel @ e596244f4311bc46de1e570964124c4ccfe218d4
tag: v0.3.0 sha: e596244f4311bc46de1e570964124c4ccfe218d4 TAG_COMMIT: e596244f4311bc46de1e570964124c4ccfe218d4
publisher exit: 1
--- publisher output (/tmp/pub-harness/case-marker-deleted.log):
warning: Git tree '/code/singular-e18-cov2' is dirty
FAIL: dirty or unreadable working tree at /tmp/pub-harness/markdel
case marker-deleted: HELD (exit 1, 'FAIL: dirty or unreadable working tree', no assembly, no upload)
=== case nonrepo
pwd: /tmp/pub-harness @ non-git
tag: v0.3.0 sha: 198e13451372715ffe8c417bfd5210920e98caec TAG_COMMIT: 198e13451372715ffe8c417bfd5210920e98caec
publisher exit: 1
--- publisher output (/tmp/pub-harness/case-nonrepo.log):
warning: Git tree '/code/singular-e18-cov2' is dirty
FAIL: checkout /tmp/pub-harness is not the tag commit 198e13451372715ffe8c417bfd5210920e98caec
case nonrepo: HELD (exit 1, 'FAIL: checkout .* is not the tag commit', no assembly, no upload)
=== case publish-script
archive: SHA256SUMS
singular-docs-0.3.0.tar.gz
singular-onchain-0.3.0.tar.gz
publish_docs.sh exit: 0
singular-docs-0.3.0.tar.gz: OK
singular-onchain-0.3.0.tar.gz: OK
case publish-script: HELD (real final script, stubbed upload recorded)
=== case guard-removed (mutation in disposable copy, live tree untouched)
baseline: 0334fc13bbd9369757f1bf18419d418a03b47dad
provider closure: /nix/store/nhks6jv7mcxwziqrw4wwsbcd6j2q1fzk-publish-docs/bin/publish-docs
mutant closure: /nix/store/nhks6jv7mcxwziqrw4wwsbcd6j2q1fzk-publish-docs/bin/publish-docs
mutant publisher exit: 1
warning: publish-docs without the coverage release boundary (no conformance/coverage/release-required in /tmp/pub-harness/incomplete)
on-chain release assembly: PASS (/tmp/tmp.p5pnYqk0N3/singular-onchain-0.3.0.tar.gz)
{"version": "0.3.0", "unreleasedBaseline": false, "archive": "singular-docs-0.3.0.tar.gz", "onchainArchive": "singular-onchain-0.3.0.tar.gz", "versionAgreement": "PASS", "artifactAndWorkflowChecks": "PASS", "identityFromArtifact": "PASS"}
mutant copy destroyed
case guard-removed: HELD (unguarded wrapper attempts assembly on INCOMPLETE)
--- gh calls (uploads recorded only by the publish-script case):
GHCALL: pr list --repo lambdasistemi/singular --state merged --base main --limit 100 --json number,mergeCommit,headRefName,labels
GHCALL: release view v0.3.0 --repo lambdasistemi/singular
GHCALL: release create v0.3.0 --repo lambdasistemi/singular --verify-tag --title Singular documentation and on-chain release 0.3.0 --notes-file /tmp/pub-harness/fixtures/sufficient/onchain-release/RELEASE.md
GHCALL: release upload v0.3.0 /tmp/pub-harness/archive/SHA256SUMS /tmp/pub-harness/archive/singular-docs-0.3.0.tar.gz /tmp/pub-harness/archive/singular-onchain-0.3.0.tar.gz --repo lambdasistemi/singular --clobber
GHCALL: release download v0.3.0 --repo lambdasistemi/singular --dir /tmp/tmp.orX7bCscup --pattern singular-docs-0.3.0.tar.gz --pattern singular-onchain-0.3.0.tar.gz --pattern SHA256SUMS
GHCALL: pr edit 42 --repo lambdasistemi/singular --remove-label autorelease: pending --add-label autorelease: tagged
ALL CASES HELD
